[[1;34mINFO[m] Scanning for projects...
[[1;34mINFO[m] 
[[1;34mINFO[m] [1m----------------------< [0;36mcom.examly:SpringBootEmp[0;1m >----------------------[m
[[1;34mINFO[m] [1mBuilding SpringBootEmp 0.0.1-SNAPSHOT[m
[[1;34mINFO[m] [1m--------------------------------[ jar ]---------------------------------[m
[[1;34mINFO[m] 
[[1;34mINFO[m] [1m>>> [0;32mspring-boot-maven-plugin:2.7.0:run[m [1m(default-cli)[0;1m > [0;1mtest-compile[m @ [36mSpringBootEmp[0;1m >>>[m
[[1;34mINFO[m] 
[[1;34mINFO[m] [1m--- [0;32mmaven-resources-plugin:3.2.0:resources[m [1m(default-resources)[m @ [36mSpringBootEmp[0;1m ---[m
[[1;34mINFO[m] Using 'UTF-8' encoding to copy filtered resources.
[[1;34mINFO[m] Using 'UTF-8' encoding to copy filtered properties files.
[[1;34mINFO[m] Copying 1 resource
[[1;34mINFO[m] Copying 0 resource
[[1;34mINFO[m] 
[[1;34mINFO[m] [1m--- [0;32mmaven-compiler-plugin:3.10.1:compile[m [1m(default-compile)[m @ [36mSpringBootEmp[0;1m ---[m
[[1;34mINFO[m] Nothing to compile - all classes are up to date
[[1;34mINFO[m] 
[[1;34mINFO[m] [1m--- [0;32mmaven-resources-plugin:3.2.0:testResources[m [1m(default-testResources)[m @ [36mSpringBootEmp[0;1m ---[m
[[1;34mINFO[m] Using 'UTF-8' encoding to copy filtered resources.
[[1;34mINFO[m] Using 'UTF-8' encoding to copy filtered properties files.
[[1;34mINFO[m] skip non existing resourceDirectory /home/coder/project/workspace/springapp/src/test/resources
[[1;34mINFO[m] 
[[1;34mINFO[m] [1m--- [0;32mmaven-compiler-plugin:3.10.1:testCompile[m [1m(default-testCompile)[m @ [36mSpringBootEmp[0;1m ---[m
[[1;34mINFO[m] Changes detected - recompiling the module!
[[1;34mINFO[m] Compiling 1 source file to /home/coder/project/workspace/springapp/target/test-classes
[[1;34mINFO[m] 
[[1;34mINFO[m] [1m<<< [0;32mspring-boot-maven-plugin:2.7.0:run[m [1m(default-cli)[0;1m < [0;1mtest-compile[m @ [36mSpringBootEmp[0;1m <<<[m
[[1;34mINFO[m] 
[[1;34mINFO[m] 
[[1;34mINFO[m] [1m--- [0;32mspring-boot-maven-plugin:2.7.0:run[m [1m(default-cli)[m @ [36mSpringBootEmp[0;1m ---[m
[[1;34mINFO[m] Attaching agents: []

  .   ____          _            __ _ _
 /\\ / ___'_ __ _ _(_)_ __  __ _ \ \ \ \
( ( )\___ | '_ | '_| | '_ \/ _` | \ \ \ \
 \\/  ___)| |_)| | | | | || (_| |  ) ) ) )
  '  |____| .__|_| |_|_| |_\__, | / / / /
 =========|_|==============|___/=/_/_/_/
 :: Spring Boot ::                (v2.7.0)

2025-10-14 17:45:40.485  INFO 6906 --- [           main] c.examly.springapp.SpringappApplication  : Starting SpringappApplication using Java 17.0.15 on acacaaeecefaaabbcbdfdbcffdeffa-0 with PID 6906 (/home/coder/project/workspace/springapp/target/classes started by coder in /home/coder/project/workspace/springapp)
2025-10-14 17:45:40.486  INFO 6906 --- [           main] c.examly.springapp.SpringappApplication  : No active profile set, falling back to 1 default profile: "default"
2025-10-14 17:45:40.937  INFO 6906 --- [           main] .s.d.r.c.RepositoryConfigurationDelegate : Bootstrapping Spring Data JPA repositories in DEFAULT mode.
2025-10-14 17:45:40.965  INFO 6906 --- [           main] .s.d.r.c.RepositoryConfigurationDelegate : Finished Spring Data repository scanning in 22 ms. Found 1 JPA repository interfaces.
2025-10-14 17:45:41.312  INFO 6906 --- [           main] o.s.b.w.embedded.tomcat.TomcatWebServer  : Tomcat initialized with port(s): 8080 (http)
2025-10-14 17:45:41.318  INFO 6906 --- [           main] o.apache.catalina.core.StandardService   : Starting service [Tomcat]
2025-10-14 17:45:41.319  INFO 6906 --- [           main] org.apache.catalina.core.StandardEngine  : Starting Servlet engine: [Apache Tomcat/9.0.63]
2025-10-14 17:45:41.373  INFO 6906 --- [           main] o.a.c.c.C.[Tomcat].[localhost].[/]       : Initializing Spring embedded WebApplicationContext
2025-10-14 17:45:41.373  INFO 6906 --- [           main] w.s.c.ServletWebServerApplicationContext : Root WebApplicationContext: initialization completed in 859 ms
2025-10-14 17:45:41.486  INFO 6906 --- [           main] o.hibernate.jpa.internal.util.LogHelper  : HHH000204: Processing PersistenceUnitInfo [name: default]
2025-10-14 17:45:41.515  INFO 6906 --- [           main] org.hibernate.Version                    : HHH000412: Hibernate ORM core version 5.6.9.Final
2025-10-14 17:45:41.609  INFO 6906 --- [           main] o.hibernate.annotations.common.Version   : HCANN000001: Hibernate Commons Annotations {5.1.2.Final}
2025-10-14 17:45:41.659  INFO 6906 --- [           main] com.zaxxer.hikari.HikariDataSource       : HikariPool-1 - Starting...
2025-10-14 17:45:41.757  INFO 6906 --- [           main] com.zaxxer.hikari.HikariDataSource       : HikariPool-1 - Start completed.
2025-10-14 17:45:41.765  INFO 6906 --- [           main] org.hibernate.dialect.Dialect            : HHH000400: Using dialect: org.hibernate.dialect.MySQL8Dialect
Hibernate: drop table if exists documents
Hibernate: create table documents (id bigint not null auto_increment, file_name varchar(255), file_path varchar(255), file_type varchar(255), primary key (id)) engine=InnoDB
2025-10-14 17:45:42.089  INFO 6906 --- [           main] o.h.e.t.j.p.i.JtaPlatformInitiator       : HHH000490: Using JtaPlatform implementation: [org.hibernate.engine.transaction.jta.platform.internal.NoJtaPlatform]
2025-10-14 17:45:42.094  INFO 6906 --- [           main] j.LocalContainerEntityManagerFactoryBean : Initialized JPA EntityManagerFactory for persistence unit 'default'
2025-10-14 17:45:42.352  WARN 6906 --- [           main] JpaBaseConfiguration$JpaWebConfiguration : spring.jpa.open-in-view is enabled by default. Therefore, database queries may be performed during view rendering. Explicitly configure spring.jpa.open-in-view to disable this warning
2025-10-14 17:45:42.465  WARN 6906 --- [           main] .s.s.UserDetailsServiceAutoConfiguration : 

Using generated security password: a1f935bc-4e8d-4f5f-9800-941472f501e2

This generated password is for development use only. Your security configuration must be updated before running your application in production.

2025-10-14 17:45:42.515  INFO 6906 --- [           main] o.s.s.web.DefaultSecurityFilterChain     : Will secure any request with [org.springframework.security.web.session.DisableEncodeUrlFilter@4853f592, org.springframework.security.web.context.request.async.WebAsyncManagerIntegrationFilter@52d434c1, org.springframework.security.web.context.SecurityContextPersistenceFilter@322eb1a, org.springframework.security.web.header.HeaderWriterFilter@10bcbbce, org.springframework.security.web.authentication.logout.LogoutFilter@6b03c35c, org.springframework.security.web.savedrequest.RequestCacheAwareFilter@69f24965, org.springframework.security.web.servletapi.SecurityContextHolderAwareRequestFilter@57ac236a, org.springframework.security.web.authentication.AnonymousAuthenticationFilter@5d035ab6, org.springframework.security.web.session.SessionManagementFilter@2bc0603f, org.springframework.security.web.access.ExceptionTranslationFilter@38c1b1a7, org.springframework.security.web.access.intercept.AuthorizationFilter@37b5a51c]
2025-10-14 17:45:42.675  WARN 6906 --- [           main] ConfigServletWebServerApplicationContext : Exception encountered during context initialization - cancelling refresh attempt: org.springframework.context.ApplicationContextException: Failed to start bean 'webServerStartStop'; nested exception is org.springframework.boot.web.server.PortInUseException: Port 8080 is already in use
2025-10-14 17:45:42.679  INFO 6906 --- [           main] j.LocalContainerEntityManagerFactoryBean : Closing JPA EntityManagerFactory for persistence unit 'default'
2025-10-14 17:45:42.680  INFO 6906 --- [           main] com.zaxxer.hikari.HikariDataSource       : HikariPool-1 - Shutdown initiated...
2025-10-14 17:45:42.684  INFO 6906 --- [           main] com.zaxxer.hikari.HikariDataSource       : HikariPool-1 - Shutdown completed.
2025-10-14 17:45:42.685  INFO 6906 --- [           main] o.apache.catalina.core.StandardService   : Stopping service [Tomcat]
2025-10-14 17:45:42.693  INFO 6906 --- [           main] ConditionEvaluationReportLoggingListener : 

Error starting ApplicationContext. To display the conditions report re-run your application with 'debug' enabled.
2025-10-14 17:45:42.703 ERROR 6906 --- [           main] o.s.b.d.LoggingFailureAnalysisReporter   : 

***************************
APPLICATION FAILED TO START
***************************

Description:

Web server failed to start. Port 8080 was already in use.

Action:

Identify and stop the process that's listening on port 8080 or configure this application to listen on another port.

[[1;34mINFO[m] [1m------------------------------------------------------------------------[m
[[1;34mINFO[m] [1;31mBUILD FAILURE[m
[[1;34mINFO[m] [1m------------------------------------------------------------------------[m
[[1;34mINFO[m] Total time:  4.221 s
[[1;34mINFO[m] Finished at: 2025-10-14T17:45:42Z
[[1;34mINFO[m] [1m------------------------------------------------------------------------[m
[[1;31mERROR[m] Failed to execute goal [32morg.springframework.boot:spring-boot-maven-plugin:2.7.0:run[m [1m(default-cli)[m on project [36mSpringBootEmp[m: [1;31mApplication finished with exit code: 1[m -> [1m[Help 1][m
[[1;31mERROR[m] 
[[1;31mERROR[m] To see the full stack trace of the errors, re-run Maven with the [1m-e[m switch.
[[1;31mERROR[m] Re-run Maven using the [1m-X[m switch to enable full debug logging.
[[1;31mERROR[m] 
[[1;31mERROR[m] For more information about the errors and possible solutions, please read the following articles:
[[1;31mERROR[m] [1m[Help 1][m http://cwiki.apache.org/confluence/display/MAVEN/MojoExecutionException
